// Jest Snapshot v1, https://goo.gl/fbAQLP

exports[`<ToreatorUi/> routes 1`] = `
Object {
  "$$typeof": Symbol(react.lazy),
  "_ctor": [Function],
  "_result": null,
  "_status": -1,
}
`;
