// Jest Snapshot v1, https://goo.gl/fbAQLP

exports[`<Box/> default 1`] = `
<StyledComponent
  forwardedComponent={
    Object {
      "$$typeof": Symbol(react.forward_ref),
      "attrs": Array [],
      "componentStyle": ComponentStyle {
        "componentId": "sc-bdVaJa",
        "isStatic": false,
        "rules": Array [
          "
  ",
          [Function],
          "
  ",
          [Function],
          "
  ",
          [Function],
          "
  ",
          [Function],
          "
  ",
          [Function],
          "
  ",
          [Function],
          "
  ",
          [Function],
          "
  ",
          [Function],
          "
  ",
          [Function],
          "
  box-sizing: border-box;
  ",
          [Function],
          "  
  ",
          [Function],
          "  
  ",
          [Function],
          "  
",
        ],
      },
      "displayName": "styled.div",
      "foldedComponentIds": Array [],
      "render": [Function],
      "styledComponentId": "sc-bdVaJa",
      "target": "div",
      "toString": [Function],
      "warnTooManyClasses": [Function],
      "withComponent": [Function],
    }
  }
  forwardedRef={null}
/>
`;
